// Jest Snapshot v1, https://goo.gl/fbAQLP

exports[`PrivacySection matches snapshot 1`] = `"<form class=\\"ui form\\"><div class=\\"field\\"><label>Receive updates about Tray.io product by email<input type=\\"checkbox\\" style=\\"float:right;margin-top:5px\\" name=\\"updatesByEmail\\" placeholder=\\"Software Engineer\\" value=\\"\\"/></label></div><div class=\\"field\\"><label>Receive communication by email for other products created by the Tray.io team<input type=\\"checkbox\\" style=\\"float:right;margin-top:5px\\" name=\\"communicationByEmail\\" placeholder=\\"Software Engineer\\" value=\\"\\"/></label></div><button style=\\"float:right\\" type=\\"submit\\" class=\\"ui green button\\">Submit</button></form>"`;
