// Jest Snapshot v1, https://goo.gl/fbAQLP

exports[`UserForm matches snapshot 1`] = `"<div><div class=\\"ui pointing secondary four item menu\\"><div class=\\"blue active item\\">User</div><div class=\\"blue item\\">Privacy</div><div class=\\"blue item\\">Done</div></div><div style=\\"height:60vh\\" class=\\"ui center aligned middle aligned grid\\"><div style=\\"max-width:500px\\" class=\\"column\\"><div><form class=\\"ui form\\"><div class=\\"required field\\"><label style=\\"float:left\\">Name</label><input name=\\"name\\" placeholder=\\"John Smith\\" value=\\"\\"/></div><div class=\\"field\\"><label style=\\"float:left\\">Role</label><input name=\\"role\\" placeholder=\\"Software Engineer\\" value=\\"\\"/></div><div class=\\"required field\\"><label style=\\"float:left\\">Email</label><input name=\\"email\\" placeholder=\\"email@example.com\\" value=\\"\\"/></div><div class=\\"required field\\"><label style=\\"float:left\\">Password</label><input type=\\"password\\" name=\\"password\\" placeholder=\\"password\\" value=\\"\\"/></div><button style=\\"float:right\\" type=\\"submit\\" class=\\"ui green button\\">Submit</button></form></div></div></div></div>"`;
